<html>
<body>
<pre>
<h1>µVision Build Log</h1>
<h2>Tool Versions:</h2>
IDE-Version: ¦ÌVision V5.27.1.0
Copyright (C) 2019 ARM Ltd and ARM Germany GmbH. All rights reserved.
License Information: Wolfdale Luo, Lab1103, LIC=21E2Z-JIEQ1-HKYBD-80JTI-GJ9CI-JW653
 
Tool Versions:
Toolchain:       MDK-ARM Plus  Version: 5.27.1.0
Toolchain Path:  C:\Keil_v5\ARM\ARMCC\Bin
C Compiler:      Armcc.exe V5.06 update 6 (build 750)
Assembler:       Armasm.exe V5.06 update 6 (build 750)
Linker/Locator:  ArmLink.exe V5.06 update 6 (build 750)
Library Manager: ArmAr.exe V5.06 update 6 (build 750)
Hex Converter:   FromElf.exe V5.06 update 6 (build 750)
CPU DLL:         SARMCM3.DLL V5.27.1.0
Dialog DLL:      DCM.DLL V1.17.2.0
Target DLL:      STLink\ST-LINKIII-KEIL_SWO.dll V2.0.6.0_KEIL
Dialog DLL:      TCM.DLL V1.36.1.0
 
<h2>Project:</h2>
C:\Users\ULuo\Desktop\uluo_rtt-nano_stm32h7\User\uluo_rtt_stm32h7_2.uvprojx
Project File Date:  02/24/2020

<h2>Output:</h2>
*** Using Compiler 'V5.06 update 6 (build 750)', folder: 'C:\Keil_v5\ARM\ARMCC\Bin'
Build target 'RTT-STM32H7'
compiling main.c...
linking...
Program Size: Code=22012 RO-data=1468 RW-data=172 ZI-data=3916  
FromELF: creating hex file...
"..\OBJ\Template.axf" - 0 Error(s), 0 Warning(s).

<h2>Software Packages used:</h2>

Package Vendor: RealThread
                https://www.rt-thread.org/download/mdk/RealThread.RT-Thread.3.1.3.pack
                RealThread.RT-Thread.3.1.3
                RT-Thread Software Components
   * Component: kernel Version: 3.1.3
   * Component: shell Version: 3.1.3

Package Vendor: Keil
                https://www.keil.com/pack/Keil.STM32H7xx_DFP.2.3.1.pack
                Keil.STM32H7xx_DFP.2.3.1
                STMicroelectronics STM32H7 Series Device Support and Examples

<h2>Collection of Component include folders:</h2>
  .\RTE\RTOS
  .\RTE\_RTT-STM32H7
  C:\Users\ULuo\AppData\Local\Arm\Packs\Keil\STM32H7xx_DFP\2.3.1\Drivers\CMSIS\Device\ST\STM32H7xx\Include
  C:\Users\ULuo\AppData\Local\Arm\Packs\RealThread\RT-Thread\3.1.3\components\finsh
  C:\Users\ULuo\AppData\Local\Arm\Packs\RealThread\RT-Thread\3.1.3\include

<h2>Collection of Component Files used:</h2>

   * Component: RealThread.RT-Thread::RTOS:kernel:3.1.3
      Source file:   bsp\board.c
      Source file:   src\scheduler.c
      Source file:   libcpu\arm\cortex-m7\context_rvds.S
      Source file:   src\irq.c
      Source file:   src\components.c
      Source file:   src\mem.c
      Source file:   src\clock.c
      Source file:   src\ipc.c
      Source file:   src\kservice.c
      Source file:   src\idle.c
      Source file:   src\timer.c
      Source file:   src\thread.c
      Source file:   libcpu\arm\cortex-m7\cpuport.c
      Include file:  bsp\rtconfig.h
      Source file:   src\object.c

   * Component: RealThread.RT-Thread::RTOS:shell:3.1.3
      Source file:   components\finsh\cmd.c
      Source file:   components\finsh\msh.c
      Source file:   components\finsh\shell.c
Build Time Elapsed:  00:00:11
</pre>
</body>
</html>
